MMI_common_app_trc.h
MMI_conn_app_trc.h
MMI_fw_trc.h
MMI_inet_app_trc.h
MMI_media_app_trc.h
MMI_trc.h
MMI_vre_trc.h
SST_buff_trc.h
SST_common_trc.h
SST_init_trc.h
SST_itc_trc.h
SST_mem_trc.h
SST_misc_trc.h
SST_task_trc.h
SST_timer_trc.h
TVT_trc.h
VT_trc.h
abm_trc.h
adr_trc.h
atci_trc.h
bluetooth_trc.h
bmc_trc.h
bmt_trc.h
cc_trc.h
certman_trc.h
ciss_trc.h
cmux_trc.h
csce_trc.h
cse_trc.h
csm_trc.h
csr_trc.h
dbme_trc.h
demp_trc.h
dhcp_trc.h
dm_trc.h
dp_engine_trc.h
dps_trc.h
drlc_trc.h
drm_trace.h
drv_trc.h
dt_trc.h
email_trace.h
ems_trc.h
event_info_trc.h
ex_trc.h
ext_modem_trc.h
fa_trc.h
flc_trc.h
fmr_trc.h
fmt_trc.h
fs_trc.h
gps_trc.h
http_trc.h
ike_trc.h
imps_trc.h
init_trc.h
iperf_trc.h
ircomm_trc.h
irda_trace.h
j2me_trace.h
keypad_trc.h
l1a_trace.h
l1sp_trc.h
l2r_trc.h
l4_trc.h
lapdm_trc.h
lcl_trc.h
ll1_trc.h
llc_trc.h
m3d_trace.h
m3g_trace.h
mac_trc.h
med_trc.h
meme_trc.h
mm_trc.h
mms_trc.h
mpal_trace.h
mpal_trc.h
mtp_trc.h
nvram_trc.h
obex_trc.h
opera_adp_trc.h
ossl_crypto_trc.h
ossl_os_adp_trc.h
ossl_pki_adp_trc.h
ossl_pki_trc.h
ossl_ssl_trc.h
ossl_ssladp_trc.h
pdcp_trc.h
phb_trc.h
pluto_fw_trc.h
poc_trc.h
ppp_trc.h
rabm_trc.h
rac_trc.h
ratcm_trc.h
ratdm_trc.h
rfc2507_lib_trc.h
rlc_trc.h
rlp_trc.h
rr_trc.h
rrce_trc.h
rrlp_trc.h
rsvag_trc.h
rsvak_trc.h
rsvas_trc.h
rsvau_trc.h
rtc_trc.h
rtsp_trc.h
saf_trc.h
scsi_trc.h
sdp_trc.h
seclib_trc.h
seq_trc.h
siano_cmmb_trc.h
sibe_trc.h
sim_trc.h
sip_trc.h
slce_trc.h
sm_trc.h
sms_trc.h
smsal_trc.h
smu_trc.h
snd_trc.h
soc_trc.h
sqlite3_trc.h
sslplus5_trc.h
supc_trc.h
supl_trc.h
syncml_trc.h
t30_trc.h
tcm_trc.h
tcpip_trc.h
tdt_trc.h
tls_trc.h
touch_panel_trc.h
tst_trace.h
uagps_cp_trc.h
uagps_trc.h
uagps_up_trc.h
udps_trc.h
uem_trc.h
ul1a_trc.h
ul2_trc.h
umac_trc.h
ups_trc.h
urlc_trc.h
urr_trc.h
usb_trc.h
usime_trc.h
vadp_app_trc.h
vadp_sys_trc.h
vcodec_trc.h
voip_trc.h
vrt_trc.h
wap_trc.h
wmt_trc.h
wndrv_trc.h
wps_trc.h
ws_ps_trc.h
ws_trc.h
xdm_trc.h
imc_trc.h
